// Vitest Snapshot v1

exports[`Modal Component test with Portal > Show Modal correctly 1`] = `null`;
